<html>
<body>
<pre>
<h1>µVision Build Log</h1>
<h2>Project:</h2>
C:\Keil\Labware\SHE-CrazyBall\SpaceInvaders.uvproj
Project File Date:  05/17/2016

<h2>Output:</h2>
Build target 'SpaceInvaders'
compiling SpaceInvaders.c...
ModelPlayer.h(45): warning:  #1295-D: Deprecated declaration ball_init - give arg types
        void ball_init (); 
ModelPlayer.h(48): warning:  #1295-D: Deprecated declaration ball_initlevel - give arg types
        void ball_initlevel();
ModelPlayer.h(51): warning:  #1295-D: Deprecated declaration ball_move - give arg types
        void ball_move ();
ModelPlayer.h(57): warning:  #1295-D: Deprecated declaration ball_getDir - give arg types
        unsigned int ball_getDir();
ModelPlayer.h(60): warning:  #1295-D: Deprecated declaration Pll8ayer_getScore - give arg types
        unsigned int Pll8ayer_getScore();
ModelPlayer.h(63): warning:  #1295-D: Deprecated declaration ball_increaseScore - give arg types
        void ball_increaseScore();
ModelPlayer.h(77): warning:  #1295-D: Deprecated declaration ball_deleteCell - give arg types
     void ball_deleteCell();
ModelPlayer.h(88): warning:  #1295-D: Deprecated declaration GetX - give arg types
     int GetX();
ModelPlayer.h(89): warning:  #1295-D: Deprecated declaration GetY - give arg types
     int GetY();
ModelPlayer.h(90): warning:  #1295-D: Deprecated declaration GetD - give arg types
     int GetD();
ModelPlayer.h(91): warning:  #1295-D: Deprecated declaration GetScore - give arg types
     int GetScore();
ModelPlayer.h(92): warning:  #1295-D: Deprecated declaration GetLifes - give arg types
     int GetLifes();
ModelPlayer.h(94): warning:  #1-D: last line of file ends without a newline
         int GetLevel();
ModelPlayer.h(94): warning:  #1295-D: Deprecated declaration GetLevel - give arg types
         int GetLevel();
SpaceInvaders.c(67): warning:  #1295-D: Deprecated declaration Draw - give arg types
  void Draw();
SpaceInvaders.c(68): warning:  #1295-D: Deprecated declaration Init - give arg types
  void Init();
SpaceInvaders.c(69): warning:  #1295-D: Deprecated declaration checkLifes - give arg types
  int checkLifes();
SpaceInvaders.c(70): warning:  #1295-D: Deprecated declaration GameOver - give arg types
  void GameOver();
SpaceInvaders.c(171): warning:  #177-D: variable "i" was declared but never referenced
  int i,j;
SpaceInvaders.c(298): warning:  #177-D: variable "i" was declared but never referenced
        int i,j;
SpaceInvaders.c(298): warning:  #177-D: variable "j" was declared but never referenced
        int i,j;
SpaceInvaders.c: 21 warnings, 0 errors
linking...
Program Size: Code=6140 RO-data=3640 RW-data=140 ZI-data=2924  
".\SpaceInvaders.axf" - 0 Error(s), 21 Warning(s).
Load "C:\\Keil\\Labware\\SHE-CrazyBall\\SpaceInvaders.axf" 
Connecting: Mode=JTAG, Speed=1000000Hz
Erase Done.
Programming Done.
Verify OK.
Clean started: Project: 'SpaceInvaders'
   deleting intermediate output files for target 'SpaceInvaders'
Player.h(51): warning:  #1295-D: Deprecated declaration ball_move - give arg types
        void ball_move ();
ModelPlayer.h(57): warning:  #1295-D: Deprecated declaration ball_getDir - give arg types
        unsigned int ball_getDir();
ModelPlayer.h(60): warning:  #1295-D: Deprecated declaration Pll8ayer_getScore - give arg types
        unsigned int Pll8ayer_getScore();
ModelPlayer.h(63): warning:  #1295-D: Deprecated declaration ball_increaseScore - give arg types
        void ball_increaseScore();
ModelPlayer.h(77): warning:  #1295-D: Deprecated declaration ball_deleteCell - give arg types
     void ball_deleteCell();
ModelPlayer.h(88): warning:  #1295-D: Deprecated declaration GetX - give arg types
     int GetX();
ModelPlayer.h(89): warning:  #1295-D: Deprecated declaration GetY - give arg types
     int GetY();
ModelPlayer.h(90): warning:  #1295-D: Deprecated declaration GetD - give arg types
     int GetD();
ModelPlayer.h(91): warning:  #1295-D: Deprecated declaration GetScore - give arg types
     int GetScore();
ModelPlayer.h(92): warning:  #1295-D: Deprecated declaration GetLifes - give arg types
     int GetLifes();
ModelPlayer.h(94): warning:  #1-D: last line of file ends without a newline
         int GetLevel();
ModelPlayer.h(94): warning:  #1295-D: Deprecated declaration GetLevel - give arg types
         int GetLevel();
ModelPlayer.c(72): warning:  #177-D: variable "i" was declared but never referenced
        int i,j;
ModelPlayer.c(72): warning:  #177-D: variable "j" was declared but never referenced
        int i,j;
ModelPlayer.c(212): warning:  #1-D: last line of file ends without a newline
  }
ModelPlayer.c: 17 warnings, 0 errors
linking...
Program Size: Code=6140 RO-data=3640 RW-data=140 ZI-data=2924  
".\SpaceInvaders.axf" - 0 Error(s), 38 Warning(s).
